py : Creating test database for alias 'default'...
At line:1 char:1
+ py manage.py test api 2>&1 > test_output.txt ; Get-Content test_outpu ...
+ ~~~~~~~~~~~~~~~~~~~~~~~~~~~~~~~~~~~~~~~~~~~~
    + CategoryInfo          : NotSpecified: (Creating test d...as 'default'...:String) [], RemoteException
    + FullyQualifiedErrorId : NativeCommandError
 

........................................................
----------------------------------------------------------------------
Ran 56 tests in 38.116s

OK
Destroying test database for alias 'default'...

Found 56 test(s).
System check identified no issues (0 silenced).
